# Licensed to the Apache Software Foundation (ASF) under one or more
# contributor license agreements.  See the NOTICE file distributed with
# this work for additional information regarding copyright ownership.
# The ASF licenses this file to You under the Apache License, Version 2.0
# (the "License"); you may not use this file except in compliance with
# the License.  You may obtain a copy of the License at
#
#     http://www.apache.org/licenses/LICENSE-2.0
#
# Unless required by applicable law or agreed to in writing, software
# distributed under the License is distributed on an "AS IS" BASIS,
# WITHOUT WARRANTIES OR CONDITIONS OF ANY KIND, either express or implied.
# See the License for the specific language governing permissions and
# limitations under the License.

total: 1
matchers:
  - startTime: gt 0
    scope: Service
    id: ZTJlLXNlcnZpY2UtcHJvdmlkZXI=.1
    message: Service e2e-service-provider response time is more than 10ms and sla is more than 1%.
    tags:
      - key: level
        value: CRITICAL
      - key: receivers
        value: zhangsan
    events:
      - source:
          service: e2e-service-provider