# Licensed to Apache Software Foundation (ASF) under one or more contributor
# license agreements. See the NOTICE file distributed with
# this work for additional information regarding copyright
# ownership. Apache Software Foundation (ASF) licenses this file to you under
# the Apache License, Version 2.0 (the "License"); you may
# not use this file except in compliance with the License.
# You may obtain a copy of the License at
#
#     http://www.apache.org/licenses/LICENSE-2.0
#
# Unless required by applicable law or agreed to in writing,
# software distributed under the License is distributed on an
# "AS IS" BASIS, WITHOUT WARRANTIES OR CONDITIONS OF ANY
# KIND, either express or implied.  See the License for the
# specific language governing permissions and limitations
# under the License.

{{- range .}}
- id: {{ b64enc "e2e-service-provider" }}.1_{{ b64enc "provider1" }}
  name: {{ notEmpty .name }}
  attributes:
  {{- range .attributes }}
  {{- if eq .name "OS Name" }}
  - name: OS Name
    value: Linux
  {{- end }}
  {{- if eq .name "hostname" }}
  - name: hostname
    value: {{ notEmpty .value }}
  {{- end }}
  {{- if eq .name "Process No." }}
  - name: Process No.
    value: "1"
  {{- end }}
  {{- if eq .name "Start Time" }}
  - name: Start Time
    value: {{ notEmpty .value }}
  {{- end }}
  {{- if eq .name "JVM Arguments" }}
  - name: JVM Arguments
    value: '{{ notEmpty .value }}'
  {{- end }}
  {{- if eq .name "Jar Dependencies" }}
  - name: Jar Dependencies
    value: '{{ notEmpty .value }}'
  {{- end }}
  {{- if eq .name "ipv4s" }}
  - name: ipv4s
    value: {{ notEmpty .value }}
  {{- end }}
  {{- end}}
  language: JAVA
  instanceuuid: {{ b64enc "e2e-service-provider" }}.1_{{ b64enc "provider1" }}
{{- end}}