# Licensed to the Apache Software Foundation (ASF) under one or more
# contributor license agreements.  See the NOTICE file distributed with
# this work for additional information regarding copyright ownership.
# The ASF licenses this file to You under the Apache License, Version 2.0
# (the "License"); you may not use this file except in compliance with
# the License.  You may obtain a copy of the License at
#
#     http://www.apache.org/licenses/LICENSE-2.0
#
# Unless required by applicable law or agreed to in writing, software
# distributed under the License is distributed on an "AS IS" BASIS,
# WITHOUT WARRANTIES OR CONDITIONS OF ANY KIND, either express or implied.
# See the License for the specific language governing permissions and
# limitations under the License.

spans:
  {{- range .spans}}
  - traceid: {{ notEmpty .traceid }}
    segmentid: {{ notEmpty .segmentid }}
    spanid: 0
    parentspanid: -1
    refs: []
    servicecode: {{ notEmpty .servicecode }}
    serviceinstancename: {{ notEmpty .serviceinstancename }}
    starttime: {{ gt .starttime 0 }}
    endtime: {{ gt .endtime 0 }}
    endpointname: POST:/users
    type: Entry
    peer: ""
    component: Tomcat
    iserror: false
    layer: Http
    tags:
      {{- range .tags }}
      {{- if eq .key "http.method" }}
      - key: http.method
        value: POST
      {{- end }}
      {{- if eq .key "url" }}
      - key: url
        value: {{ notEmpty .value }}
      {{- end }}
      {{- end }}
    logs: []
  {{- end }}